{
    "sarscov2 - fastq - stub": {
        "content": [
            "test_multi_ec.tsv",
            "test_analysis.tsv",
            "test_ec_count.tsv",
            [
                [
                    "MIFASER",
                    "mi-faser",
                    "mifaser 1.64 (07/21/25)"
                ]
            ]
        ],
        "meta": {
            "nf-test": "0.9.2",
            "nextflow": "25.10.4"
        },
        "timestamp": "2026-04-14T12:20:10.442599"
    },
    "sarscov2 - fastq": {
        "content": [
            "test_multi_ec.tsv",
            "test_analysis.tsv",
            "test_ec_count.tsv",
            [
                [
                    "MIFASER",
                    "mi-faser",
                    "mifaser 1.64 (07/21/25)"
                ]
            ]
        ],
        "meta": {
            "nf-test": "0.9.2",
            "nextflow": "25.10.4"
        },
        "timestamp": "2026-04-14T12:19:57.630504"
    }
}