{
    "humann_renorm sarscov2 - tsv - stub": {
        "content": [
            {
                "0": [
                    [
                        {
                            "id": "test",
                            "single_end": false
                        },
                        "test_renorm.tsv.gz:md5,f50b84b1db4b83ba62ec1deacc69c260"
                    ]
                ],
                "1": [
                    [
                        "HUMANN_RENORM",
                        "HUMAnN",
                        "3.6.1"
                    ]
                ],
                "renorm": [
                    [
                        {
                            "id": "test",
                            "single_end": false
                        },
                        "test_renorm.tsv.gz:md5,f50b84b1db4b83ba62ec1deacc69c260"
                    ]
                ],
                "versions_humann": [
                    [
                        "HUMANN_RENORM",
                        "HUMAnN",
                        "3.6.1"
                    ]
                ]
            }
        ],
        "timestamp": "2026-04-22T12:34:05.426069",
        "meta": {
            "nf-test": "0.9.5",
            "nextflow": "25.10.4"
        }
    }
}