{
    "-profile test": {
        "content": [
            [
                "cat",
                "cat/minigut.merged.fastq.gz",
                "fastqc",
                "fastqc/minigut_1_processed_1_fastqc.html",
                "fastqc/minigut_1_processed_1_fastqc.zip",
                "fastqc/minigut_1_processed_2_fastqc.html",
                "fastqc/minigut_1_processed_2_fastqc.zip",
                "fastqc/minigut_1_raw_1_fastqc.html",
                "fastqc/minigut_1_raw_1_fastqc.zip",
                "fastqc/minigut_1_raw_2_fastqc.html",
                "fastqc/minigut_1_raw_2_fastqc.zip",
                "fmhfunprofiler",
                "fmhfunprofiler/KOs_sketched_scaled_1000_demo.sig.zip",
                "fmhfunprofiler/KOs_sketched_scaled_1000_demo.sig.zip/minigut_KOs_sketched_scaled_1000_demo.sig.fmhfunprofiler.csv",
                "humann3",
                "humann3/minigut.log",
                "humann3/minigut_genefamilies.tsv.gz",
                "humann3/minigut_pathabundance.tsv.gz",
                "humann3/minigut_pathcoverage.tsv.gz",
                "mifaser",
                "mifaser/minigut_analysis.tsv",
                "mifaser/minigut_ec_count.tsv",
                "mifaser/minigut_multi_ec.tsv",
                "mpahumann3",
                "mpahumann3/minigut.biom",
                "mpahumann3/minigut.bowtie2out.txt",
                "mpahumann3/minigut_profile.txt",
                "pipeline_info",
                "pipeline_info/nf_core_funcprofiler_software_mqc_versions.yml",
                "rgi",
                "rgi/4.0.1",
                "rgi/4.0.1/minigut.allele_mapping_data.json",
                "rgi/4.0.1/minigut.allele_mapping_data.txt",
                "rgi/4.0.1/minigut.artifacts_mapping_stats.txt",
                "rgi/4.0.1/minigut.coverage.temp.txt",
                "rgi/4.0.1/minigut.coverage_all_positions.summary.temp.txt",
                "rgi/4.0.1/minigut.coverage_all_positions.temp.txt",
                "rgi/4.0.1/minigut.gene_mapping_data.txt",
                "rgi/4.0.1/minigut.overall_mapping_stats.txt",
                "rgi/4.0.1/minigut.reference_mapping_stats.txt",
                "rgi/4.0.1/minigut.seqs.temp.txt",
                "rgi/4.0.1/minigut.temp.txt",
                "rgi/card_database_processed",
                "rgi/card_database_processed/CARD-Download-README.txt",
                "rgi/card_database_processed/PMID.tsv",
                "rgi/card_database_processed/aro_categories.tsv",
                "rgi/card_database_processed/aro_categories_index.tsv",
                "rgi/card_database_processed/aro_index.tsv",
                "rgi/card_database_processed/card.json",
                "rgi/card_database_processed/card_database_v4.0.1.fasta",
                "rgi/card_database_processed/card_database_v4.0.1_all.fasta",
                "rgi/card_database_processed/nucleotide_fasta_protein_homolog_model.fasta",
                "rgi/card_database_processed/nucleotide_fasta_protein_knockout_model.fasta",
                "rgi/card_database_processed/nucleotide_fasta_protein_overexpression_model.fasta",
                "rgi/card_database_processed/nucleotide_fasta_protein_variant_model.fasta",
                "rgi/card_database_processed/nucleotide_fasta_rRNA_gene_variant_model.fasta",
                "rgi/card_database_processed/protein_fasta_protein_homolog_model.fasta",
                "rgi/card_database_processed/protein_fasta_protein_knockout_model.fasta",
                "rgi/card_database_processed/protein_fasta_protein_overexpression_model.fasta",
                "rgi/card_database_processed/protein_fasta_protein_variant_model.fasta",
                "rgi/card_database_processed/shortname_antibiotics.tsv",
                "rgi/card_database_processed/shortname_pathogens.tsv",
                "rgi/card_database_processed/snps.txt"
            ],
            [
                "minigut.merged.fastq.gz:md5,1fbae8f5fe6fdfa6552cfca32d9c3129",
                "minigut_KOs_sketched_scaled_1000_demo.sig.fmhfunprofiler.csv:md5,1081039ab9e9b378d2dfd3206e96e917",
                "minigut_analysis.tsv:md5,1cda8e4b88a34f56539d04cc2dac0914",
                "minigut_ec_count.tsv:md5,5c2306e908a487f57d70da9b4f131217",
                "minigut_multi_ec.tsv:md5,915713718d7b6fabc3fbc3a1286999e0",
                "minigut.artifacts_mapping_stats.txt:md5,26b4346ac5367d575ab67f9246e8ca08",
                "minigut.coverage.temp.txt:md5,8fa9ceb6c1f02bdcd89472c2523a775a",
                "minigut.coverage_all_positions.summary.temp.txt:md5,9d93d7e96faf94c18f637a02ef1cebf2",
                "minigut.coverage_all_positions.temp.txt:md5,fd6083d850435153d3678aa5c387fdc2",
                "minigut.overall_mapping_stats.txt:md5,7a66e3f185702925bef3873f356072ff",
                "minigut.reference_mapping_stats.txt:md5,986084fa8f72769b0e8a8827ce84f138",
                "minigut.temp.txt:md5,e8510289eeb0be3d0e25faaef0c43116",
                "CARD-Download-README.txt:md5,b57364cc1a5fab0541e13a01fabe5dea",
                "PMID.tsv:md5,e3ce79c4b5dcf0a9e3117ed683f96e54",
                "aro_categories.tsv:md5,6f9c4b0410b9e2b3cf5867a2a3f1db07",
                "aro_categories_index.tsv:md5,d5fbc673c0de6601b07c8016b3909f8e",
                "aro_index.tsv:md5,0f183c7869876fa32c8f86aade0df7b5",
                "card.json:md5,72156d00155f69e637664bfb5d3b5395",
                "card_database_v4.0.1.fasta:md5,5ead0b239c312ebb068a3b5aa9676b2d",
                "card_database_v4.0.1_all.fasta:md5,f389ce15fac30e9ab394ca8a49f6451f",
                "nucleotide_fasta_protein_homolog_model.fasta:md5,696d1aa4f04bd08fc4bdeea33ab9db43",
                "nucleotide_fasta_protein_knockout_model.fasta:md5,d8224ce019ad69a041d83ccf7877b4e0",
                "nucleotide_fasta_protein_overexpression_model.fasta:md5,80a1e7957c79d311446e06c6dd49db8e",
                "nucleotide_fasta_protein_variant_model.fasta:md5,7450e559045c9d1d8f13c73054c64f4c",
                "nucleotide_fasta_rRNA_gene_variant_model.fasta:md5,bd53f46d630f652c9f6b7584c2126e1f",
                "protein_fasta_protein_homolog_model.fasta:md5,36ea300133fd7c5a45de2fee4c5050bf",
                "protein_fasta_protein_knockout_model.fasta:md5,f16667df70d1a5f910d3ae45f5250c3d",
                "protein_fasta_protein_overexpression_model.fasta:md5,723e8762be5c96aed8c379a6499cecee",
                "protein_fasta_protein_variant_model.fasta:md5,8c02d8fc84c9a90953f8534355244019",
                "shortname_antibiotics.tsv:md5,9a4ba742fd8a3a49c7f50744001a4129",
                "shortname_pathogens.tsv:md5,5211712be4f4c3306cbe4052cafae1d7",
                "snps.txt:md5,529d4fdb74c8940c0930ec1a7a6d4980"
            ]
        ],
        "timestamp": "2026-08-05T17:53:23.842325056",
        "meta": {
            "nf-test": "0.9.5",
            "nextflow": "26.04.6"
        }
    }
}