{
    "-profile test": {
        "content": [
            21,
            {
                "MERGE_RUNS": {
                    "cat": 9.5
                },
                "UNTAR": {
                    "untar": 1.34
                },
                "Workflow": {
                    "nf-core/funcprofiler": "v1.0.0dev"
                }
            },
            [
                "cat",
                "cat/2612.merged.fastq.gz",
                "cat/2613.merged.fastq.gz",
                "fmhfunprofiler",
                "fmhfunprofiler/fmhfunprofiler1000",
                "fmhfunprofiler/fmhfunprofiler1000/2612_fmhfunprofiler1000.fmhfunprofiler.fmhfuncprofiler.ko",
                "merge",
                "merge/2612_1.merged.fastq.gz",
                "merge/2612_2.merged.fastq.gz",
                "mifaser",
                "mifaser/2612_analysis.tsv",
                "mifaser/2612_ec_count.tsv",
                "mifaser/2612_multi_ec.tsv",
                "mifaser/2613_analysis.tsv",
                "mifaser/2613_ec_count.tsv",
                "mifaser/2613_multi_ec.tsv",
                "mpahumann3",
                "mpahumann3/2612.bowtie2out.txt",
                "mpahumann3/2612_profile.txt",
                "mpahumann3/2613.bowtie2out.txt",
                "mpahumann3/2613_profile.txt",
                "mpahumann4",
                "mpahumann4/2612.bowtie2out.txt",
                "mpahumann4/2612_profile.txt",
                "mpahumann4/2613.bowtie2out.txt",
                "mpahumann4/2613_profile.txt",
                "multiqc",
                "multiqc/multiqc_data",
                "multiqc/multiqc_data/llms-full.txt",
                "multiqc/multiqc_data/multiqc.parquet",
                "multiqc/multiqc_data/multiqc_citations.txt",
                "multiqc/multiqc_data/multiqc_data.json",
                "multiqc/multiqc_data/multiqc_software_versions.txt",
                "multiqc/multiqc_data/multiqc_sources.txt",
                "multiqc/multiqc_report.html",
                "pipeline_info",
                "pipeline_info/nf_core_funcprofiler_software_mqc_versions.yml"
            ],
            [
                "2612.merged.fastq.gz:md5,df3b681294db8931c5df47f9b85e3069",
                "2613.merged.fastq.gz:md5,6e42a74ec7f9e86d77f2aababeb401fb",
                "2612_fmhfunprofiler1000.fmhfunprofiler.fmhfuncprofiler.ko:md5,16b7196a90c1d2fd3e3109c8d252cd08",
                "2612_1.merged.fastq.gz:md5,e38f6e7ad98fc7b848b4967bde945d13",
                "2612_2.merged.fastq.gz:md5,5f40e29533a8f88521954301b836dbd8",
                "2612_analysis.tsv:md5,23a15aeb81d1d9b1ebf88e755f5da999",
                "2612_ec_count.tsv:md5,192bc544bab6f9ce7dfd48185968a46a",
                "2612_multi_ec.tsv:md5,2f90c91dba6ac1bcea12ff505e31a3c1",
                "2613_analysis.tsv:md5,877d5f56e8bea0f2990a0455c9ff3d48",
                "2613_ec_count.tsv:md5,5ede4c576baae346764accf1b0f6f0d3",
                "2613_multi_ec.tsv:md5,767d7594a325bda1e2af08a1e7d9c956",
                "2612_profile.txt:md5,3dc4e474c9bcc7a96b9849e336f0ac2f",
                "2613_profile.txt:md5,8e942cbd5deb242827fa4aecd5000d75",
                "2612_profile.txt:md5,998fba3471b312db4c28aa5e3df3c8f2",
                "2613_profile.txt:md5,81638be78db35ca42197f4e325a0fd6f",
                "llms-full.txt:md5,e1222b36fffe1faba7f09def847f0e8b",
                "multiqc.parquet:md5,6905e42caae6bfb13e0f7f8da9571e39",
                "multiqc_citations.txt:md5,4c806e63a283ec1b7e78cdae3a923d4f"
            ]
        ],
        "timestamp": "2026-03-24T10:48:02.1833",
        "meta": {
            "nf-test": "0.9.5",
            "nextflow": "25.10.4"
        }
    },
    "-profile test -stub": {
        "content": [
            0,
            null,
            [
                "pipeline_info"
            ],
            [
                
            ]
        ],
        "timestamp": "2026-03-24T10:49:06.78413",
        "meta": {
            "nf-test": "0.9.5",
            "nextflow": "25.10.4"
        }
    }
}