{
    "-profile test": {
        "content": [
            32,
            [
                "cat",
                "cat/ERR5766181.merged.fastq.gz",
                "cat/minigut.merged.fastq.gz",
                "fmhfunprofiler",
                "fmhfunprofiler/null",
                "fmhfunprofiler/null/ERR5766181_null.fmhfunprofiler.fmhfuncprofiler.ko",
                "fmhfunprofiler/null/minigut_null.fmhfunprofiler.fmhfuncprofiler.ko",
                "humann3",
                "humann3/ERR5766181_genefamilies.tsv.gz",
                "humann3/ERR5766181_pathabundance.tsv.gz",
                "humann3/ERR5766181_pathcoverage.tsv.gz",
                "humann3/ERR5766181_regroup.tsv.gz",
                "humann3/minigut_genefamilies.tsv.gz",
                "humann3/minigut_pathabundance.tsv.gz",
                "humann3/minigut_pathcoverage.tsv.gz",
                "humann3/minigut_regroup.tsv.gz",
                "humann4",
                "humann4/ERR5766181_2_genefamilies.tsv.gz",
                "humann4/ERR5766181_3_reactions.tsv.gz",
                "humann4/ERR5766181_4_pathabundance.tsv.gz",
                "humann4/ERR5766181_regroup.tsv.gz",
                "humann4/minigut_2_genefamilies.tsv.gz",
                "humann4/minigut_3_reactions.tsv.gz",
                "humann4/minigut_4_pathabundance.tsv.gz",
                "humann4/minigut_regroup.tsv.gz",
                "mifaser",
                "mifaser/ERR5766181_analysis.tsv",
                "mifaser/ERR5766181_ec_count.tsv",
                "mifaser/ERR5766181_multi_ec.tsv",
                "mifaser/minigut_analysis.tsv",
                "mifaser/minigut_ec_count.tsv",
                "mifaser/minigut_multi_ec.tsv",
                "mpahumann3",
                "mpahumann3/ERR5766181.bowtie2out.txt",
                "mpahumann3/ERR5766181_profile.txt",
                "mpahumann3/minigut.bowtie2out.txt",
                "mpahumann3/minigut_profile.txt",
                "mpahumann4",
                "mpahumann4/ERR5766181.bowtie2out.txt",
                "mpahumann4/ERR5766181_profile.txt",
                "mpahumann4/minigut.bowtie2out.txt",
                "mpahumann4/minigut_profile.txt",
                "multiqc",
                "multiqc/multiqc_data",
                "multiqc/multiqc_data/llms-full.txt",
                "multiqc/multiqc_data/multiqc.parquet",
                "multiqc/multiqc_data/multiqc_citations.txt",
                "multiqc/multiqc_data/multiqc_data.json",
                "multiqc/multiqc_data/multiqc_software_versions.txt",
                "multiqc/multiqc_data/multiqc_sources.txt",
                "multiqc/multiqc_report.html",
                "pipeline_info",
                "pipeline_info/nf_core_funcprofiler_software_mqc_versions.yml",
                "rgi",
                "rgi/card_database_processed",
                "rgi/card_database_processed/CARD-Download-README.txt",
                "rgi/card_database_processed/PMID.tsv",
                "rgi/card_database_processed/aro_categories.tsv",
                "rgi/card_database_processed/aro_categories_index.tsv",
                "rgi/card_database_processed/aro_index.tsv",
                "rgi/card_database_processed/card.json",
                "rgi/card_database_processed/card_database_v4.0.1.fasta",
                "rgi/card_database_processed/card_database_v4.0.1_all.fasta",
                "rgi/card_database_processed/nucleotide_fasta_protein_homolog_model.fasta",
                "rgi/card_database_processed/nucleotide_fasta_protein_knockout_model.fasta",
                "rgi/card_database_processed/nucleotide_fasta_protein_overexpression_model.fasta",
                "rgi/card_database_processed/nucleotide_fasta_protein_variant_model.fasta",
                "rgi/card_database_processed/nucleotide_fasta_rRNA_gene_variant_model.fasta",
                "rgi/card_database_processed/protein_fasta_protein_homolog_model.fasta",
                "rgi/card_database_processed/protein_fasta_protein_knockout_model.fasta",
                "rgi/card_database_processed/protein_fasta_protein_overexpression_model.fasta",
                "rgi/card_database_processed/protein_fasta_protein_variant_model.fasta",
                "rgi/card_database_processed/shortname_antibiotics.tsv",
                "rgi/card_database_processed/shortname_pathogens.tsv",
                "rgi/card_database_processed/snps.txt",
                "rgi/null",
                "rgi/null/ERR5766181.allele_mapping_data.json",
                "rgi/null/ERR5766181.allele_mapping_data.txt",
                "rgi/null/ERR5766181.artifacts_mapping_stats.txt",
                "rgi/null/ERR5766181.coverage.temp.txt",
                "rgi/null/ERR5766181.coverage_all_positions.summary.temp.txt",
                "rgi/null/ERR5766181.coverage_all_positions.temp.txt",
                "rgi/null/ERR5766181.gene_mapping_data.txt",
                "rgi/null/ERR5766181.overall_mapping_stats.txt",
                "rgi/null/ERR5766181.reference_mapping_stats.txt",
                "rgi/null/ERR5766181.seqs.temp.txt",
                "rgi/null/ERR5766181.temp.txt",
                "rgi/null/minigut.allele_mapping_data.json",
                "rgi/null/minigut.allele_mapping_data.txt",
                "rgi/null/minigut.artifacts_mapping_stats.txt",
                "rgi/null/minigut.coverage.temp.txt",
                "rgi/null/minigut.coverage_all_positions.summary.temp.txt",
                "rgi/null/minigut.coverage_all_positions.temp.txt",
                "rgi/null/minigut.gene_mapping_data.txt",
                "rgi/null/minigut.overall_mapping_stats.txt",
                "rgi/null/minigut.reference_mapping_stats.txt",
                "rgi/null/minigut.seqs.temp.txt",
                "rgi/null/minigut.temp.txt"
            ],
            [
                "ERR5766181.merged.fastq.gz:md5,6e42a74ec7f9e86d77f2aababeb401fb",
                "minigut.merged.fastq.gz:md5,1fbae8f5fe6fdfa6552cfca32d9c3129",
                "ERR5766181_null.fmhfunprofiler.fmhfuncprofiler.ko:md5,16b7196a90c1d2fd3e3109c8d252cd08",
                "minigut_null.fmhfunprofiler.fmhfuncprofiler.ko:md5,16b7196a90c1d2fd3e3109c8d252cd08",
                "ERR5766181_genefamilies.tsv.gz:md5,5be83431bf30c5a8602dbe269ca10271",
                "ERR5766181_pathabundance.tsv.gz:md5,96af4c4334623d4ad74878276d2bd572",
                "ERR5766181_pathcoverage.tsv.gz:md5,7f7b3add3ab6334b9cc027dbc8f63c88",
                "ERR5766181_regroup.tsv.gz:md5,6ddbd06597b107bd1c3b85ae47c3c021",
                "minigut_genefamilies.tsv.gz:md5,11c2888e8eda72ec87b2154d89639676",
                "minigut_pathabundance.tsv.gz:md5,2853ccd4a7f42d1891bd23a9cbe1dddb",
                "minigut_pathcoverage.tsv.gz:md5,360493a3e2f6cfc5f705c25baadc6327",
                "minigut_regroup.tsv.gz:md5,473030fe0d893e77f7f4785384788025",
                "ERR5766181_2_genefamilies.tsv.gz:md5,47b792307ff85327c142bf41a4d36163",
                "ERR5766181_3_reactions.tsv.gz:md5,77c271bd3d74085c0104366e1da5ed6a",
                "ERR5766181_4_pathabundance.tsv.gz:md5,21cf9eaa5ce45d47b8bc12b962a31b32",
                "ERR5766181_regroup.tsv.gz:md5,f9d74c2356ef992b95583a5ccebdf931",
                "minigut_2_genefamilies.tsv.gz:md5,9e23517f6ed27b4691ef3473ff5c79d8",
                "minigut_3_reactions.tsv.gz:md5,afb074dd52b11b8e15bcfbd6face3929",
                "minigut_4_pathabundance.tsv.gz:md5,7ec488ad9fbce62b012a268818b47cbb",
                "minigut_regroup.tsv.gz:md5,148c4b14ccf2b93ccbf015c1774a06cc",
                "ERR5766181_analysis.tsv:md5,877d5f56e8bea0f2990a0455c9ff3d48",
                "ERR5766181_ec_count.tsv:md5,a5e0bb4958b6c6bb9180f8ab3fe110b8",
                "ERR5766181_multi_ec.tsv:md5,6e1e2d9dd8f8e56aaee7acd29694180b",
                "minigut_analysis.tsv:md5,1cda8e4b88a34f56539d04cc2dac0914",
                "minigut_ec_count.tsv:md5,5c2306e908a487f57d70da9b4f131217",
                "minigut_multi_ec.tsv:md5,915713718d7b6fabc3fbc3a1286999e0",
                "ERR5766181_profile.txt:md5,fba1d7b083ccc627be64cf067a457598",
                "minigut_profile.txt:md5,fee11b34f04b177f425f643601295968",
                "ERR5766181_profile.txt:md5,ba0a9014d2c2ddb4169ee4952bbc9d83",
                "minigut_profile.txt:md5,1525c5faa1a9e2614a8245f3412e16e4",
                "multiqc_citations.txt:md5,4c806e63a283ec1b7e78cdae3a923d4f",
                "CARD-Download-README.txt:md5,b57364cc1a5fab0541e13a01fabe5dea",
                "PMID.tsv:md5,e3ce79c4b5dcf0a9e3117ed683f96e54",
                "aro_categories.tsv:md5,6f9c4b0410b9e2b3cf5867a2a3f1db07",
                "aro_categories_index.tsv:md5,d5fbc673c0de6601b07c8016b3909f8e",
                "aro_index.tsv:md5,0f183c7869876fa32c8f86aade0df7b5",
                "card.json:md5,72156d00155f69e637664bfb5d3b5395",
                "card_database_v4.0.1.fasta:md5,5ead0b239c312ebb068a3b5aa9676b2d",
                "card_database_v4.0.1_all.fasta:md5,f389ce15fac30e9ab394ca8a49f6451f",
                "nucleotide_fasta_protein_homolog_model.fasta:md5,696d1aa4f04bd08fc4bdeea33ab9db43",
                "nucleotide_fasta_protein_knockout_model.fasta:md5,d8224ce019ad69a041d83ccf7877b4e0",
                "nucleotide_fasta_protein_overexpression_model.fasta:md5,80a1e7957c79d311446e06c6dd49db8e",
                "nucleotide_fasta_protein_variant_model.fasta:md5,7450e559045c9d1d8f13c73054c64f4c",
                "nucleotide_fasta_rRNA_gene_variant_model.fasta:md5,bd53f46d630f652c9f6b7584c2126e1f",
                "protein_fasta_protein_homolog_model.fasta:md5,36ea300133fd7c5a45de2fee4c5050bf",
                "protein_fasta_protein_knockout_model.fasta:md5,f16667df70d1a5f910d3ae45f5250c3d",
                "protein_fasta_protein_overexpression_model.fasta:md5,723e8762be5c96aed8c379a6499cecee",
                "protein_fasta_protein_variant_model.fasta:md5,8c02d8fc84c9a90953f8534355244019",
                "shortname_antibiotics.tsv:md5,9a4ba742fd8a3a49c7f50744001a4129",
                "shortname_pathogens.tsv:md5,5211712be4f4c3306cbe4052cafae1d7",
                "snps.txt:md5,529d4fdb74c8940c0930ec1a7a6d4980",
                "ERR5766181.allele_mapping_data.json:md5,a822f783ebf8f3343fe8d59ee80f02e2",
                "ERR5766181.allele_mapping_data.txt:md5,f09cdd6486fc21c8fc2731204a03c2d9",
                "ERR5766181.artifacts_mapping_stats.txt:md5,45e6c26bd269b60848661488aef2e90c",
                "ERR5766181.coverage.temp.txt:md5,1cf5becf679e91f1a398a8dad7e98d00",
                "ERR5766181.coverage_all_positions.summary.temp.txt:md5,65c641f7b2f17a00abf29c05e411fff7",
                "ERR5766181.coverage_all_positions.temp.txt:md5,b76898d4d4c4f1b0cc0a0f0c8774330f",
                "ERR5766181.gene_mapping_data.txt:md5,07844dccabe4d503485cb604daef0686",
                "ERR5766181.overall_mapping_stats.txt:md5,bb0a5c6504084985a2690983c1c71179",
                "ERR5766181.reference_mapping_stats.txt:md5,d920cfd7d447e76a6a0566a16b10539e",
                "ERR5766181.seqs.temp.txt:md5,fcfc5d2db488ac142fbca135a9f3b02e",
                "ERR5766181.temp.txt:md5,2f871d39e7a55ce6dcd17287be357d0e",
                "minigut.allele_mapping_data.json:md5,93ddab9ee31a888597f6dda1f93b14bc",
                "minigut.allele_mapping_data.txt:md5,f0e3749bd26fce1361b16e5fa8d95850",
                "minigut.artifacts_mapping_stats.txt:md5,a0426243c26dcfd24b5cfb76a1baffd1",
                "minigut.coverage.temp.txt:md5,8fa9ceb6c1f02bdcd89472c2523a775a",
                "minigut.coverage_all_positions.summary.temp.txt:md5,9d93d7e96faf94c18f637a02ef1cebf2",
                "minigut.coverage_all_positions.temp.txt:md5,fd6083d850435153d3678aa5c387fdc2",
                "minigut.gene_mapping_data.txt:md5,9232d0abbcbe2f8e3e84b96adff675ed",
                "minigut.overall_mapping_stats.txt:md5,ded8258300027ec31cad6e8a06bf4196",
                "minigut.reference_mapping_stats.txt:md5,986084fa8f72769b0e8a8827ce84f138",
                "minigut.seqs.temp.txt:md5,2523d9e0abc8cac6d7d3d23abe2bd047",
                "minigut.temp.txt:md5,e8510289eeb0be3d0e25faaef0c43116"
            ]
        ],
        "timestamp": "2026-04-23T15:43:16.165839",
        "meta": {
            "nf-test": "0.9.5",
            "nextflow": "25.10.4"
        }
    }
}