{
    "humann_v4 sarscov2 - fastq": {
        "content": [
            7,
            [
                "humann4",
                "humann4/test_2_genefamilies.tsv.gz",
                "humann4/test_3_reactions.tsv.gz",
                "humann4/test_4_pathabundance.tsv.gz",
                "mpahumann4",
                "mpahumann4/test.bowtie2out.txt",
                "mpahumann4/test_profile.txt",
                "pipeline_info",
                "spoof",
                "spoof/test_mock_profile.txt"
            ],
            [
                
            ]
        ],
        "timestamp": "2026-07-01T16:59:35.966324",
        "meta": {
            "nf-test": "0.9.5",
            "nextflow": "25.10.4"
        }
    },
    "humann_v4 sarscov2 - fastq - stub": {
        "content": [
            [
                [
                    {
                        "id": "test",
                        "single_end": false,
                        "run_accession": "abc"
                    },
                    "test_genefamilies.tsv.gz:md5,f50b84b1db4b83ba62ec1deacc69c260"
                ]
            ],
            [
                [
                    {
                        "id": "test",
                        "single_end": false,
                        "run_accession": "abc"
                    },
                    "test_pathabundance.tsv.gz:md5,f50b84b1db4b83ba62ec1deacc69c260"
                ]
            ],
            null,
            [
                [
                    {
                        "id": "test",
                        "single_end": false,
                        "run_accession": "abc"
                    },
                    "test_reactions.tsv.gz:md5,f50b84b1db4b83ba62ec1deacc69c260"
                ]
            ]
        ],
        "timestamp": "2026-06-11T09:26:56.574951",
        "meta": {
            "nf-test": "0.9.5",
            "nextflow": "26.04.1"
        }
    }
}