{
    "humann_v3 sarscov2 - fastq - stub": {
        "content": [
            [
                [
                    {
                        "id": "test",
                        "single_end": true,
                        "run_accession": "abc"
                    },
                    "test_genefamilies.tsv.gz:md5,f50b84b1db4b83ba62ec1deacc69c260"
                ]
            ],
            [
                [
                    {
                        "id": "test",
                        "single_end": true,
                        "run_accession": "abc"
                    },
                    "test_pathabundance.tsv.gz:md5,f50b84b1db4b83ba62ec1deacc69c260"
                ]
            ],
            [
                [
                    {
                        "id": "test",
                        "single_end": true,
                        "run_accession": "abc"
                    },
                    "test_pathcoverage.tsv.gz:md5,f50b84b1db4b83ba62ec1deacc69c260"
                ]
            ],
            null
        ],
        "timestamp": "2026-04-29T15:01:22.985906608",
        "meta": {
            "nf-test": "0.9.5",
            "nextflow": "25.10.4"
        }
    },
    "humann_v3 sarscov2 - fastq": {
        "content": [
            [
                [
                    {
                        "id": "test",
                        "single_end": true,
                        "run_accession": "abc"
                    },
                    "test_genefamilies.tsv.gz:md5,b9777e24dd24e1257eb6906aba5463f5"
                ]
            ],
            [
                [
                    {
                        "id": "test",
                        "single_end": true,
                        "run_accession": "abc"
                    },
                    "test_pathabundance.tsv.gz:md5,65f73f474bdb2a7c8b278766ca789a3c"
                ]
            ],
            [
                [
                    {
                        "id": "test",
                        "single_end": true,
                        "run_accession": "abc"
                    },
                    "test_pathcoverage.tsv.gz:md5,17c91a2581f34b55179aa4c79c242b1c"
                ]
            ],
            null
        ],
        "timestamp": "2026-04-29T15:00:45.763028796",
        "meta": {
            "nf-test": "0.9.5",
            "nextflow": "25.10.4"
        }
    }
}