{
    "humann_v4 sarscov2 - fastq": {
        "content": [
            7,
            null,
            [
                "humann4",
                "humann4/test_2_genefamilies.tsv.gz",
                "humann4/test_3_reactions.tsv.gz",
                "humann4/test_4_pathabundance.tsv.gz",
                "mpahumann4",
                "mpahumann4/test.bowtie2out.txt",
                "mpahumann4/test_profile.txt",
                "pipeline_info",
                "spoof",
                "spoof/test_mock_profile.txt"
            ],
            [
                "test_2_genefamilies.tsv.gz:md5,34f174a6d642d21bb14af35a6fe9dd69",
                "test_3_reactions.tsv.gz:md5,c026112aa2b41eb63e3752db315b2515",
                "test_4_pathabundance.tsv.gz:md5,825a3b76f509e1de6d27d10af6ef885a",
                "test_profile.txt:md5,0dac5843d397e7042bf088cf65217f92",
                "test_mock_profile.txt:md5,c155a9c471a135a1dbd6e9e075f3315c"
            ]
        ],
        "timestamp": "2026-03-23T15:10:45.038189",
        "meta": {
            "nf-test": "0.9.5",
            "nextflow": "25.10.4"
        }
    },
    "humann_v4 sarscov2 - fastq - stub": {
        "content": [
            [
                [
                    {
                        "id": "test",
                        "single_end": true
                    },
                    "/Users/Watersn/GitHub/nf-core-funcprofiler/.nf-test/tests/34da5f9a1e69b44323d5074e441dc5eb/work/e9/a215188a7274341900ca95af893666/test__genefamilies.tsv.gz"
                ]
            ],
            [
                [
                    {
                        "id": "test",
                        "single_end": true
                    },
                    "/Users/Watersn/GitHub/nf-core-funcprofiler/.nf-test/tests/34da5f9a1e69b44323d5074e441dc5eb/work/e9/a215188a7274341900ca95af893666/test__pathabundance.tsv.gz"
                ]
            ],
            [
                [
                    {
                        "id": "test",
                        "single_end": true
                    },
                    "/Users/Watersn/GitHub/nf-core-funcprofiler/.nf-test/tests/34da5f9a1e69b44323d5074e441dc5eb/work/e9/a215188a7274341900ca95af893666/test__pathcoverage.tsv.gz"
                ]
            ],
            [
                [
                    {
                        "id": "test",
                        "single_end": true
                    },
                    "/Users/Watersn/GitHub/nf-core-funcprofiler/.nf-test/tests/34da5f9a1e69b44323d5074e441dc5eb/work/e9/a215188a7274341900ca95af893666/test__reactions.tsv.gz"
                ]
            ]
        ],
        "timestamp": "2026-03-27T13:46:18.519627",
        "meta": {
            "nf-test": "0.9.5",
            "nextflow": "25.10.4"
        }
    }
}