{
    "humann_v3 sarscov2 - fastq - stub": {
        "content": [
            [
                [
                    {
                        "id": "test",
                        "single_end": true
                    },
                    "/Users/Watersn/GitHub/funcprofiler/.nf-test/tests/16ad11f27aade3eb053c8a3d5ed17ef8/work/7f/7db043f7b6c2ab638a89ee0887ff10/test__genefamilies.tsv.gz"
                ]
            ],
            [
                [
                    {
                        "id": "test",
                        "single_end": true
                    },
                    "/Users/Watersn/GitHub/funcprofiler/.nf-test/tests/16ad11f27aade3eb053c8a3d5ed17ef8/work/7f/7db043f7b6c2ab638a89ee0887ff10/test__pathabundance.tsv.gz"
                ]
            ],
            [
                [
                    {
                        "id": "test",
                        "single_end": true
                    },
                    "/Users/Watersn/GitHub/funcprofiler/.nf-test/tests/16ad11f27aade3eb053c8a3d5ed17ef8/work/7f/7db043f7b6c2ab638a89ee0887ff10/test__pathcoverage.tsv.gz"
                ]
            ],
            [
                [
                    {
                        "id": "test",
                        "single_end": true
                    },
                    "/Users/Watersn/GitHub/funcprofiler/.nf-test/tests/16ad11f27aade3eb053c8a3d5ed17ef8/work/7f/7db043f7b6c2ab638a89ee0887ff10/test__reactions.tsv.gz"
                ]
            ]
        ],
        "timestamp": "2026-03-23T15:25:23.244963",
        "meta": {
            "nf-test": "0.9.5",
            "nextflow": "25.10.4"
        }
    },
    "humann_v3 sarscov2 - fastq": {
        "content": [
            [
                [
                    {
                        "id": "test",
                        "single_end": true
                    },
                    "test_genefamilies.tsv.gz:md5,b9777e24dd24e1257eb6906aba5463f5"
                ]
            ],
            [
                [
                    {
                        "id": "test",
                        "single_end": true
                    },
                    "test_pathabundance.tsv.gz:md5,65f73f474bdb2a7c8b278766ca789a3c"
                ]
            ],
            [
                [
                    {
                        "id": "test",
                        "single_end": true
                    },
                    "test_pathcoverage.tsv.gz:md5,17c91a2581f34b55179aa4c79c242b1c"
                ]
            ],
            [
                
            ]
        ],
        "timestamp": "2026-02-26T16:15:51.510722226",
        "meta": {
            "nf-test": "0.9.4",
            "nextflow": "25.10.4"
        }
    }
}