{
    "humann_regroup sarscov2 - tsv - stub": {
        "content": [
            {
                "0": [
                    [
                        {
                            "id": "test",
                            "single_end": false
                        },
                        "/Users/Watersn/GitHub/nf-core-funcprofiler/.nf-test/tests/2cb23984f21b1567b799e24d4d95479e/work/87/35fe98864e1684b3923cecb4494184/test_regroup.tsv.gz"
                    ]
                ],
                "1": [
                    [
                        "HUMANN3_REGROUP",
                        "HUMAnN",
                        "3.6.1"
                    ]
                ],
                "regroup": [
                    [
                        {
                            "id": "test",
                            "single_end": false
                        },
                        "/Users/Watersn/GitHub/nf-core-funcprofiler/.nf-test/tests/2cb23984f21b1567b799e24d4d95479e/work/87/35fe98864e1684b3923cecb4494184/test_regroup.tsv.gz"
                    ]
                ],
                "versions_humann": [
                    [
                        "HUMANN3_REGROUP",
                        "HUMAnN",
                        "3.6.1"
                    ]
                ]
            }
        ],
        "timestamp": "2026-03-27T12:12:17.872119",
        "meta": {
            "nf-test": "0.9.5",
            "nextflow": "25.10.4"
        }
    }
}