{
    "humann_regroup sarscov2 - tsv - stub": {
        "content": [
            {
                "0": [
                    [
                        {
                            "id": "test",
                            "single_end": false
                        },
                        "test_regroup.tsv.gz:md5,f50b84b1db4b83ba62ec1deacc69c260"
                    ]
                ],
                "1": [
                    "versions.yml:md5,28ff7cf96d9f6c0b7eccf4d41c68d141"
                ],
                "regroup": [
                    [
                        {
                            "id": "test",
                            "single_end": false
                        },
                        "test_regroup.tsv.gz:md5,f50b84b1db4b83ba62ec1deacc69c260"
                    ]
                ],
                "versions": [
                    "versions.yml:md5,28ff7cf96d9f6c0b7eccf4d41c68d141"
                ]
            }
        ],
        "timestamp": "2026-04-29T12:49:05.753806412",
        "meta": {
            "nf-test": "0.9.5",
            "nextflow": "25.10.4"
        }
    }
}