{
    "sarscov2 - fastq - stub": {
        "content": [
            {
                "0": [
                    [
                        {
                            "id": "test",
                            "single_end": true
                        },
                        "test_null_null.fmhfunprofiler.fmhfuncprofiler.ko:md5,d41d8cd98f00b204e9800998ecf8427e"
                    ]
                ],
                "1": [
                    "versions.yml:md5,c5da46f6d04eb358c47a974c38e26014"
                ],
                "ko": [
                    [
                        {
                            "id": "test",
                            "single_end": true
                        },
                        "test_null_null.fmhfunprofiler.fmhfuncprofiler.ko:md5,d41d8cd98f00b204e9800998ecf8427e"
                    ]
                ],
                "versions": [
                    "versions.yml:md5,c5da46f6d04eb358c47a974c38e26014"
                ]
            }
        ],
        "meta": {
            "nf-test": "0.9.2",
            "nextflow": "25.04.7"
        },
        "timestamp": "2026-02-18T15:00:38.256847"
    },
    "sarscov2 - fastq": {
        "content": [
            {
                "0": [
                    [
                        {
                            "id": "test",
                            "single_end": true
                        },
                        "test_null_null.fmhfunprofiler.fmhfuncprofiler.ko:md5,16b7196a90c1d2fd3e3109c8d252cd08"
                    ]
                ],
                "1": [
                    "versions.yml:md5,83d1d4a36ec4666eab4498b882c5206e"
                ],
                "ko": [
                    [
                        {
                            "id": "test",
                            "single_end": true
                        },
                        "test_null_null.fmhfunprofiler.fmhfuncprofiler.ko:md5,16b7196a90c1d2fd3e3109c8d252cd08"
                    ]
                ],
                "versions": [
                    "versions.yml:md5,83d1d4a36ec4666eab4498b882c5206e"
                ]
            }
        ],
        "meta": {
            "nf-test": "0.9.2",
            "nextflow": "25.04.7"
        },
        "timestamp": "2026-02-18T15:00:28.22676"
    }
}