{
    "sarscov2 - fastq - stub": {
        "content": [
            {
                "0": [
                    
                ],
                "1": [
                    
                ],
                "ko": [
                    
                ],
                "versions_fmhfunprofiler": [
                    
                ]
            }
        ],
        "timestamp": "2026-04-02T14:20:21.587672364",
        "meta": {
            "nf-test": "0.9.5",
            "nextflow": "25.04.4"
        }
    },
    "sarscov2 - fastq": {
        "content": [
            {
                "0": [
                    
                ],
                "1": [
                    
                ],
                "ko": [
                    
                ],
                "versions_fmhfunprofiler": [
                    
                ]
            }
        ],
        "timestamp": "2026-04-02T14:20:17.735102885",
        "meta": {
            "nf-test": "0.9.5",
            "nextflow": "25.04.4"
        }
    }
}