{
    "run synthetic samples from sanity check ": {
        "content": [
            [
                "sample_A.merged.fastq.gz:md5,cf9914e5aa11a624d57eb08ded790c27",
                "sample_C.merged.fastq.gz:md5,3204956398754d70c5b58eaaf7d1f3ab",
                "sample_G.merged.fastq.gz:md5,2c1bde3ebb48dfece8a8afe7b99227b1",
                "sample_T.merged.fastq.gz:md5,cce14135305826093a928ea6ebd06b11",
                "sample_A_1.merged.fastq.gz:md5,843af5c84daeb0a506f2a291cc177a7c",
                "sample_A_2.merged.fastq.gz:md5,843af5c84daeb0a506f2a291cc177a7c",
                "sample_T_1.merged.fastq.gz:md5,4705714f0f503561823ead58c2514037",
                "sample_T_2.merged.fastq.gz:md5,4705714f0f503561823ead58c2514037",
                "sample_A_run1_R1.fastq.gz:md5,e9a40bcf9976616bb18efd65fc6a431e",
                "sample_A_run1_R2.fastq.gz:md5,e9a40bcf9976616bb18efd65fc6a431e",
                "sample_A_run2_R1.fastq.gz:md5,e9a40bcf9976616bb18efd65fc6a431e",
                "sample_A_run2_R2.fastq.gz:md5,e9a40bcf9976616bb18efd65fc6a431e",
                "sample_C_run1_R1.fastq.gz:md5,dd64c2d1a734c87bd860f13bce35b19b",
                "sample_C_run1_R2.fastq.gz:md5,dd64c2d1a734c87bd860f13bce35b19b",
                "sample_G_run1_R1.fastq.gz:md5,aea40de93bb42e50e6f374b9c6d5484a",
                "sample_G_run1_R2.fastq.gz:md5,aea40de93bb42e50e6f374b9c6d5484a",
                "sample_T_run1_R1.fastq.gz:md5,5bfda3e9b44507c7f088a5c43446161f",
                "sample_T_run1_R2.fastq.gz:md5,5bfda3e9b44507c7f088a5c43446161f",
                "sample_T_run2_R1.fastq.gz:md5,5bfda3e9b44507c7f088a5c43446161f",
                "sample_T_run2_R2.fastq.gz:md5,5bfda3e9b44507c7f088a5c43446161f"
            ]
        ],
        "timestamp": "2026-07-01T17:02:16.759782",
        "meta": {
            "nf-test": "0.9.5",
            "nextflow": "25.10.4"
        }
    }
}