{
    "run multisampleinputs - grouped databases (humann_v3)": {
        "content": [
            {
                "0": [
                    [
                        {
                            "id": "2612",
                            "instrument_platform": "ILLUMINA",
                            "is_fasta": false,
                            "single_end": true,
                            "type": "short"
                        },
                        "2612_genefamilies.tsv.gz:md5,8b21a6af88e25a6b09f49a261d411fe7"
                    ],
                    [
                        {
                            "id": "2612",
                            "instrument_platform": "ILLUMINA",
                            "is_fasta": false,
                            "single_end": true,
                            "type": "short"
                        },
                        "2612_null.fmhfunprofiler.fmhfuncprofiler.ko:md5,16b7196a90c1d2fd3e3109c8d252cd08"
                    ],
                    [
                        {
                            "id": "2612",
                            "instrument_platform": "ILLUMINA",
                            "is_fasta": false,
                            "single_end": true,
                            "type": "short"
                        },
                        "2612_pathabundance.tsv.gz:md5,9233c5e17653cc8faf8a9fb2df0d1ac0"
                    ],
                    [
                        {
                            "id": "2612",
                            "instrument_platform": "ILLUMINA",
                            "is_fasta": false,
                            "single_end": true,
                            "type": "short"
                        },
                        "2612_pathcoverage.tsv.gz:md5,e3deba7f0539455b127591716f437fd6"
                    ],
                    [
                        {
                            "id": "2612",
                            "instrument_platform": "ILLUMINA",
                            "is_fasta": false,
                            "single_end": true,
                            "type": "short"
                        },
                        "2612_profile.txt:md5,149ad7d60f551845bbe57537896594c7"
                    ],
                    [
                        {
                            "id": "minigut",
                            "instrument_platform": "ILLUMINA",
                            "is_fasta": false,
                            "single_end": true,
                            "type": "short"
                        },
                        "minigut_genefamilies.tsv.gz:md5,11c2888e8eda72ec87b2154d89639676"
                    ],
                    [
                        {
                            "id": "minigut",
                            "instrument_platform": "ILLUMINA",
                            "is_fasta": false,
                            "single_end": true,
                            "type": "short"
                        },
                        "minigut_null.fmhfunprofiler.fmhfuncprofiler.ko:md5,16b7196a90c1d2fd3e3109c8d252cd08"
                    ],
                    [
                        {
                            "id": "minigut",
                            "instrument_platform": "ILLUMINA",
                            "is_fasta": false,
                            "single_end": true,
                            "type": "short"
                        },
                        "minigut_pathabundance.tsv.gz:md5,2853ccd4a7f42d1891bd23a9cbe1dddb"
                    ],
                    [
                        {
                            "id": "minigut",
                            "instrument_platform": "ILLUMINA",
                            "is_fasta": false,
                            "single_end": true,
                            "type": "short"
                        },
                        "minigut_pathcoverage.tsv.gz:md5,360493a3e2f6cfc5f705c25baadc6327"
                    ],
                    [
                        {
                            "id": "minigut",
                            "instrument_platform": "ILLUMINA",
                            "is_fasta": false,
                            "single_end": true,
                            "type": "short"
                        },
                        "minigut_profile.txt:md5,fee11b34f04b177f425f643601295968"
                    ]
                ],
                "1": [
                    
                ],
                "2": [
                    
                ],
                "mqc": [
                    
                ],
                "profiles": [
                    [
                        {
                            "id": "2612",
                            "instrument_platform": "ILLUMINA",
                            "is_fasta": false,
                            "single_end": true,
                            "type": "short"
                        },
                        "2612_genefamilies.tsv.gz:md5,8b21a6af88e25a6b09f49a261d411fe7"
                    ],
                    [
                        {
                            "id": "2612",
                            "instrument_platform": "ILLUMINA",
                            "is_fasta": false,
                            "single_end": true,
                            "type": "short"
                        },
                        "2612_null.fmhfunprofiler.fmhfuncprofiler.ko:md5,16b7196a90c1d2fd3e3109c8d252cd08"
                    ],
                    [
                        {
                            "id": "2612",
                            "instrument_platform": "ILLUMINA",
                            "is_fasta": false,
                            "single_end": true,
                            "type": "short"
                        },
                        "2612_pathabundance.tsv.gz:md5,9233c5e17653cc8faf8a9fb2df0d1ac0"
                    ],
                    [
                        {
                            "id": "2612",
                            "instrument_platform": "ILLUMINA",
                            "is_fasta": false,
                            "single_end": true,
                            "type": "short"
                        },
                        "2612_pathcoverage.tsv.gz:md5,e3deba7f0539455b127591716f437fd6"
                    ],
                    [
                        {
                            "id": "2612",
                            "instrument_platform": "ILLUMINA",
                            "is_fasta": false,
                            "single_end": true,
                            "type": "short"
                        },
                        "2612_profile.txt:md5,149ad7d60f551845bbe57537896594c7"
                    ],
                    [
                        {
                            "id": "minigut",
                            "instrument_platform": "ILLUMINA",
                            "is_fasta": false,
                            "single_end": true,
                            "type": "short"
                        },
                        "minigut_genefamilies.tsv.gz:md5,11c2888e8eda72ec87b2154d89639676"
                    ],
                    [
                        {
                            "id": "minigut",
                            "instrument_platform": "ILLUMINA",
                            "is_fasta": false,
                            "single_end": true,
                            "type": "short"
                        },
                        "minigut_null.fmhfunprofiler.fmhfuncprofiler.ko:md5,16b7196a90c1d2fd3e3109c8d252cd08"
                    ],
                    [
                        {
                            "id": "minigut",
                            "instrument_platform": "ILLUMINA",
                            "is_fasta": false,
                            "single_end": true,
                            "type": "short"
                        },
                        "minigut_pathabundance.tsv.gz:md5,2853ccd4a7f42d1891bd23a9cbe1dddb"
                    ],
                    [
                        {
                            "id": "minigut",
                            "instrument_platform": "ILLUMINA",
                            "is_fasta": false,
                            "single_end": true,
                            "type": "short"
                        },
                        "minigut_pathcoverage.tsv.gz:md5,360493a3e2f6cfc5f705c25baadc6327"
                    ],
                    [
                        {
                            "id": "minigut",
                            "instrument_platform": "ILLUMINA",
                            "is_fasta": false,
                            "single_end": true,
                            "type": "short"
                        },
                        "minigut_profile.txt:md5,fee11b34f04b177f425f643601295968"
                    ]
                ],
                "versions": [
                    
                ]
            }
        ],
        "timestamp": "2026-04-17T12:56:37.512005",
        "meta": {
            "nf-test": "0.9.5",
            "nextflow": "25.10.4"
        }
    }
}