{
    "prep inputs - single FQ tool ": {
        "content": [
            {
                "0": [
                    [
                        {
                            "id": "2612",
                            "sample": "2612",
                            "run_accession": "ERR5766176",
                            "instrument_platform": "ILLUMINA",
                            "single_end": false
                        },
                        [
                            "ERX5474932_ERR5766176_merged.fastq.gz"
                        ]
                    ],
                    [
                        {
                            "id": "sample2",
                            "sample": "sample2",
                            "run_accession": "abc",
                            "instrument_platform": "ILLUMINA",
                            "single_end": false
                        },
                        [
                            "sample2_merged.fastq.gz"
                        ]
                    ]
                ],
                "1": [
                    [
                        {
                            "id": "fmhfunprofiler-fmhfunprofiler1000-",
                            "tool": "fmhfunprofiler",
                            "db_name": "fmhfunprofiler1000",
                            "db_params": "",
                            "db_entities": [
                                "main"
                            ],
                            "num_files": 1
                        },
                        {
                            "main": "./KOs_sketched_scaled_1000_demo.sig.zip"
                        }
                    ],
                    [
                        {
                            "id": "fmhfunprofiler-fmhfunprofiler1000-",
                            "tool": "fmhfunprofiler",
                            "db_name": "fmhfunprofiler1000",
                            "db_params": "",
                            "db_entities": [
                                "main"
                            ],
                            "num_files": 1
                        },
                        {
                            "main": "./KOs_sketched_scaled_1000_demo.sig.zip"
                        }
                    ]
                ],
                "db": [
                    [
                        {
                            "id": "fmhfunprofiler-fmhfunprofiler1000-",
                            "tool": "fmhfunprofiler",
                            "db_name": "fmhfunprofiler1000",
                            "db_params": "",
                            "db_entities": [
                                "main"
                            ],
                            "num_files": 1
                        },
                        {
                            "main": "./KOs_sketched_scaled_1000_demo.sig.zip"
                        }
                    ],
                    [
                        {
                            "id": "fmhfunprofiler-fmhfunprofiler1000-",
                            "tool": "fmhfunprofiler",
                            "db_name": "fmhfunprofiler1000",
                            "db_params": "",
                            "db_entities": [
                                "main"
                            ],
                            "num_files": 1
                        },
                        {
                            "main": "./KOs_sketched_scaled_1000_demo.sig.zip"
                        }
                    ]
                ],
                "reads": [
                    [
                        {
                            "id": "2612",
                            "sample": "2612",
                            "run_accession": "ERR5766176",
                            "instrument_platform": "ILLUMINA",
                            "single_end": false
                        },
                        [
                            "ERX5474932_ERR5766176_merged.fastq.gz"
                        ]
                    ],
                    [
                        {
                            "id": "sample2",
                            "sample": "sample2",
                            "run_accession": "abc",
                            "instrument_platform": "ILLUMINA",
                            "single_end": false
                        },
                        [
                            "sample2_merged.fastq.gz"
                        ]
                    ]
                ]
            }
        ],
        "timestamp": "2026-04-17T16:25:21.381938",
        "meta": {
            "nf-test": "0.9.5",
            "nextflow": "25.10.4"
        }
    },
    "prep inputs - grouped databases (humann_v3)": {
        "content": [
            {
                "0": [
                    [
                        {
                            "id": "2612",
                            "sample": "2612",
                            "run_accession": "ERR5766176",
                            "instrument_platform": "ILLUMINA",
                            "single_end": false
                        },
                        [
                            "ERX5474932_ERR5766176_merged.fastq.gz"
                        ]
                    ]
                ],
                "1": [
                    [
                        {
                            "id": "humann-v3-demo-v3-",
                            "tool": "humann_v3",
                            "db_name": "demo_v3",
                            "db_params": "",
                            "db_entities": [
                                "humann_nucleotide",
                                "humann_protein",
                                "humann_utility"
                            ],
                            "num_files": 3
                        },
                        {
                            "humann_nucleotide": "chocophlan_nfDEMO.tar.gz",
                            "humann_protein": "uniref_nfDEMO.tar.gz",
                            "humann_utility": "utility_nfDEMO.tar.gz"
                        }
                    ]
                ],
                "db": [
                    [
                        {
                            "id": "humann-v3-demo-v3-",
                            "tool": "humann_v3",
                            "db_name": "demo_v3",
                            "db_params": "",
                            "db_entities": [
                                "humann_nucleotide",
                                "humann_protein",
                                "humann_utility"
                            ],
                            "num_files": 3
                        },
                        {
                            "humann_nucleotide": "chocophlan_nfDEMO.tar.gz",
                            "humann_protein": "uniref_nfDEMO.tar.gz",
                            "humann_utility": "utility_nfDEMO.tar.gz"
                        }
                    ]
                ],
                "reads": [
                    [
                        {
                            "id": "2612",
                            "sample": "2612",
                            "run_accession": "ERR5766176",
                            "instrument_platform": "ILLUMINA",
                            "single_end": false
                        },
                        [
                            "ERX5474932_ERR5766176_merged.fastq.gz"
                        ]
                    ]
                ]
            }
        ],
        "timestamp": "2026-04-17T16:25:34.12546",
        "meta": {
            "nf-test": "0.9.5",
            "nextflow": "25.10.4"
        }
    },
    "prep inputs - single FQ tool -- fail when given paired data": {
        "content": [
            {
                "0": [
                    
                ],
                "1": [
                    
                ],
                "db": [
                    
                ],
                "reads": [
                    
                ]
            }
        ],
        "timestamp": "2026-04-17T01:27:47.151296",
        "meta": {
            "nf-test": "0.9.5",
            "nextflow": "25.10.4"
        }
    },
    "prep inputs - PE aware tool (rgi)": {
        "content": [
            {
                "0": [
                    [
                        {
                            "id": "2612",
                            "sample": "2612",
                            "run_accession": "ERR5766176",
                            "instrument_platform": "ILLUMINA",
                            "single_end": false
                        },
                        [
                            "ERX5474932_ERR5766176_r1.fastq.gz",
                            "ERX5474932_ERR5766176_r2.fastq.gz"
                        ]
                    ],
                    [
                        {
                            "id": "sample2",
                            "sample": "sample2",
                            "run_accession": "abc",
                            "instrument_platform": "ILLUMINA",
                            "single_end": false
                        },
                        [
                            "sample2_r1.fastq.gz",
                            "sample2_r2.fastq.gz"
                        ]
                    ]
                ],
                "1": [
                    [
                        {
                            "id": "rgi-4.0.1-",
                            "tool": "rgi",
                            "db_name": "4.0.1",
                            "db_params": "",
                            "db_entities": [
                                "main"
                            ],
                            "num_files": 1
                        },
                        {
                            "main": "broadstreet-v4.0.1.tar.bz2"
                        }
                    ],
                    [
                        {
                            "id": "rgi-4.0.1-",
                            "tool": "rgi",
                            "db_name": "4.0.1",
                            "db_params": "",
                            "db_entities": [
                                "main"
                            ],
                            "num_files": 1
                        },
                        {
                            "main": "broadstreet-v4.0.1.tar.bz2"
                        }
                    ]
                ],
                "db": [
                    [
                        {
                            "id": "rgi-4.0.1-",
                            "tool": "rgi",
                            "db_name": "4.0.1",
                            "db_params": "",
                            "db_entities": [
                                "main"
                            ],
                            "num_files": 1
                        },
                        {
                            "main": "broadstreet-v4.0.1.tar.bz2"
                        }
                    ],
                    [
                        {
                            "id": "rgi-4.0.1-",
                            "tool": "rgi",
                            "db_name": "4.0.1",
                            "db_params": "",
                            "db_entities": [
                                "main"
                            ],
                            "num_files": 1
                        },
                        {
                            "main": "broadstreet-v4.0.1.tar.bz2"
                        }
                    ]
                ],
                "reads": [
                    [
                        {
                            "id": "2612",
                            "sample": "2612",
                            "run_accession": "ERR5766176",
                            "instrument_platform": "ILLUMINA",
                            "single_end": false
                        },
                        [
                            "ERX5474932_ERR5766176_r1.fastq.gz",
                            "ERX5474932_ERR5766176_r2.fastq.gz"
                        ]
                    ],
                    [
                        {
                            "id": "sample2",
                            "sample": "sample2",
                            "run_accession": "abc",
                            "instrument_platform": "ILLUMINA",
                            "single_end": false
                        },
                        [
                            "sample2_r1.fastq.gz",
                            "sample2_r2.fastq.gz"
                        ]
                    ]
                ]
            }
        ],
        "timestamp": "2026-04-17T16:25:27.899233",
        "meta": {
            "nf-test": "0.9.5",
            "nextflow": "25.10.4"
        }
    },
    "prep multisampleinputs - grouped databases (humann_v3)": {
        "content": [
            [
                
            ],
            [
                
            ]
        ],
        "timestamp": "2026-04-21T11:28:39.856463349",
        "meta": {
            "nf-test": "0.9.5",
            "nextflow": "25.10.4"
        }
    }
}