{
    "prep inputs - single FQ tool ": {
        "content": [
            {
                "0": [
                    [
                        {
                            "id": "2612",
                            "sample": "2612",
                            "run_accession": "ERR5766176",
                            "instrument_platform": "ILLUMINA",
                            "single_end": false
                        },
                        [
                            "ERX5474932_ERR5766176_merged.fastq.gz"
                        ]
                    ],
                    [
                        {
                            "id": "sample2",
                            "sample": "sample2",
                            "run_accession": "abc",
                            "instrument_platform": "ILLUMINA",
                            "single_end": false
                        },
                        [
                            "sample2_merged.fastq.gz"
                        ]
                    ]
                ],
                "1": [
                    [
                        {
                            "id": "fmhfunprofiler-fmhfunprofiler1000-",
                            "tool": "fmhfunprofiler",
                            "db_name": "fmhfunprofiler1000",
                            "db_params": "",
                            "db_entities": [
                                "main"
                            ],
                            "num_files": 1
                        },
                        {
                            "main": "./KOs_sketched_scaled_1000_demo.sig.zip"
                        }
                    ],
                    [
                        {
                            "id": "fmhfunprofiler-fmhfunprofiler1000-",
                            "tool": "fmhfunprofiler",
                            "db_name": "fmhfunprofiler1000",
                            "db_params": "",
                            "db_entities": [
                                "main"
                            ],
                            "num_files": 1
                        },
                        {
                            "main": "./KOs_sketched_scaled_1000_demo.sig.zip"
                        }
                    ]
                ],
                "db": [
                    [
                        {
                            "id": "fmhfunprofiler-fmhfunprofiler1000-",
                            "tool": "fmhfunprofiler",
                            "db_name": "fmhfunprofiler1000",
                            "db_params": "",
                            "db_entities": [
                                "main"
                            ],
                            "num_files": 1
                        },
                        {
                            "main": "./KOs_sketched_scaled_1000_demo.sig.zip"
                        }
                    ],
                    [
                        {
                            "id": "fmhfunprofiler-fmhfunprofiler1000-",
                            "tool": "fmhfunprofiler",
                            "db_name": "fmhfunprofiler1000",
                            "db_params": "",
                            "db_entities": [
                                "main"
                            ],
                            "num_files": 1
                        },
                        {
                            "main": "./KOs_sketched_scaled_1000_demo.sig.zip"
                        }
                    ]
                ],
                "reads": [
                    [
                        {
                            "id": "2612",
                            "sample": "2612",
                            "run_accession": "ERR5766176",
                            "instrument_platform": "ILLUMINA",
                            "single_end": false
                        },
                        [
                            "ERX5474932_ERR5766176_merged.fastq.gz"
                        ]
                    ],
                    [
                        {
                            "id": "sample2",
                            "sample": "sample2",
                            "run_accession": "abc",
                            "instrument_platform": "ILLUMINA",
                            "single_end": false
                        },
                        [
                            "sample2_merged.fastq.gz"
                        ]
                    ]
                ]
            }
        ],
        "timestamp": "2026-04-17T16:25:21.381938",
        "meta": {
            "nf-test": "0.9.5",
            "nextflow": "25.10.4"
        }
    },
    "prep inputs - grouped databases (humann_v3)": {
        "content": [
            {
                "0": [
                    [
                        {
                            "id": "2612",
                            "sample": "2612",
                            "run_accession": "ERR5766176",
                            "instrument_platform": "ILLUMINA",
                            "single_end": false
                        },
                        [
                            "ERX5474932_ERR5766176_merged.fastq.gz"
                        ]
                    ]
                ],
                "1": [
                    [
                        {
                            "id": "humann-v3-demo-v3-",
                            "tool": "humann_v3",
                            "db_name": "demo_v3",
                            "db_params": "",
                            "db_entities": [
                                "humann_nucleotide",
                                "humann_protein",
                                "humann_utility"
                            ],
                            "num_files": 3
                        },
                        {
                            "humann_nucleotide": "chocophlan_nfDEMO.tar.gz",
                            "humann_protein": "uniref_nfDEMO.tar.gz",
                            "humann_utility": "utility_nfDEMO.tar.gz"
                        }
                    ]
                ],
                "db": [
                    [
                        {
                            "id": "humann-v3-demo-v3-",
                            "tool": "humann_v3",
                            "db_name": "demo_v3",
                            "db_params": "",
                            "db_entities": [
                                "humann_nucleotide",
                                "humann_protein",
                                "humann_utility"
                            ],
                            "num_files": 3
                        },
                        {
                            "humann_nucleotide": "chocophlan_nfDEMO.tar.gz",
                            "humann_protein": "uniref_nfDEMO.tar.gz",
                            "humann_utility": "utility_nfDEMO.tar.gz"
                        }
                    ]
                ],
                "reads": [
                    [
                        {
                            "id": "2612",
                            "sample": "2612",
                            "run_accession": "ERR5766176",
                            "instrument_platform": "ILLUMINA",
                            "single_end": false
                        },
                        [
                            "ERX5474932_ERR5766176_merged.fastq.gz"
                        ]
                    ]
                ]
            }
        ],
        "timestamp": "2026-04-17T16:25:34.12546",
        "meta": {
            "nf-test": "0.9.5",
            "nextflow": "25.10.4"
        }
    },
    "prep inputs - single FQ tool -- fail when given paired data": {
        "content": [
            {
                "0": [
                    
                ],
                "1": [
                    
                ],
                "db": [
                    
                ],
                "reads": [
                    
                ]
            }
        ],
        "timestamp": "2026-04-17T01:27:47.151296",
        "meta": {
            "nf-test": "0.9.5",
            "nextflow": "25.10.4"
        }
    },
    "prep inputs - PE aware tool (rgi)": {
        "content": [
            {
                "0": [
                    [
                        {
                            "id": "2612",
                            "sample": "2612",
                            "run_accession": "ERR5766176",
                            "instrument_platform": "ILLUMINA",
                            "single_end": false
                        },
                        [
                            "ERX5474932_ERR5766176_r1.fastq.gz",
                            "ERX5474932_ERR5766176_r2.fastq.gz"
                        ]
                    ],
                    [
                        {
                            "id": "sample2",
                            "sample": "sample2",
                            "run_accession": "abc",
                            "instrument_platform": "ILLUMINA",
                            "single_end": false
                        },
                        [
                            "sample2_r1.fastq.gz",
                            "sample2_r2.fastq.gz"
                        ]
                    ]
                ],
                "1": [
                    [
                        {
                            "id": "rgi-4.0.1-",
                            "tool": "rgi",
                            "db_name": "4.0.1",
                            "db_params": "",
                            "db_entities": [
                                "main"
                            ],
                            "num_files": 1
                        },
                        {
                            "main": "broadstreet-v4.0.1.tar.bz2"
                        }
                    ],
                    [
                        {
                            "id": "rgi-4.0.1-",
                            "tool": "rgi",
                            "db_name": "4.0.1",
                            "db_params": "",
                            "db_entities": [
                                "main"
                            ],
                            "num_files": 1
                        },
                        {
                            "main": "broadstreet-v4.0.1.tar.bz2"
                        }
                    ]
                ],
                "db": [
                    [
                        {
                            "id": "rgi-4.0.1-",
                            "tool": "rgi",
                            "db_name": "4.0.1",
                            "db_params": "",
                            "db_entities": [
                                "main"
                            ],
                            "num_files": 1
                        },
                        {
                            "main": "broadstreet-v4.0.1.tar.bz2"
                        }
                    ],
                    [
                        {
                            "id": "rgi-4.0.1-",
                            "tool": "rgi",
                            "db_name": "4.0.1",
                            "db_params": "",
                            "db_entities": [
                                "main"
                            ],
                            "num_files": 1
                        },
                        {
                            "main": "broadstreet-v4.0.1.tar.bz2"
                        }
                    ]
                ],
                "reads": [
                    [
                        {
                            "id": "2612",
                            "sample": "2612",
                            "run_accession": "ERR5766176",
                            "instrument_platform": "ILLUMINA",
                            "single_end": false
                        },
                        [
                            "ERX5474932_ERR5766176_r1.fastq.gz",
                            "ERX5474932_ERR5766176_r2.fastq.gz"
                        ]
                    ],
                    [
                        {
                            "id": "sample2",
                            "sample": "sample2",
                            "run_accession": "abc",
                            "instrument_platform": "ILLUMINA",
                            "single_end": false
                        },
                        [
                            "sample2_r1.fastq.gz",
                            "sample2_r2.fastq.gz"
                        ]
                    ]
                ]
            }
        ],
        "timestamp": "2026-04-17T16:25:27.899233",
        "meta": {
            "nf-test": "0.9.5",
            "nextflow": "25.10.4"
        }
    },
    "prep multisampleinputs - grouped databases (humann_v3)": {
        "content": [
            [
                [
                    {
                        "id": "2612",
                        "single_end": true,
                        "instrument_platform": "ILLUMINA"
                    },
                    [
                        "2612.merged.fastq.gz:md5,270bf4c4d9707c6afc970fe5622cc673"
                    ]
                ],
                [
                    {
                        "id": "minigut",
                        "single_end": true,
                        "instrument_platform": "ILLUMINA"
                    },
                    [
                        "minigut.merged.fastq.gz:md5,1fbae8f5fe6fdfa6552cfca32d9c3129"
                    ]
                ]
            ],
            [
                [
                    {
                        "db_entities": [
                            "humann_protein",
                            "humann_nucleotide",
                            "humann_utility",
                            "humann_metaphlan"
                        ],
                        "db_name": "demo_v3",
                        "db_params": "-",
                        "id": "humann-v3-demo-v3-",
                        "num_files": 4,
                        "tool": "humann_v3"
                    },
                    {
                        "humann_metaphlan": [
                            "mpa_vJan21_TOY_CHOCOPhlAnSGB_202103.1.bt2l:md5,f560f1878d407cad746b40e19c137b2f",
                            "mpa_vJan21_TOY_CHOCOPhlAnSGB_202103.2.bt2l:md5,ada1fa4dbfa0bbd00fd9541458d0caab",
                            "mpa_vJan21_TOY_CHOCOPhlAnSGB_202103.3.bt2l:md5,1b5ec794c2f0c456ea60deb5898f4840",
                            "mpa_vJan21_TOY_CHOCOPhlAnSGB_202103.4.bt2l:md5,fe7bbac658aece93db332255910e3f4f",
                            "mpa_vJan21_TOY_CHOCOPhlAnSGB_202103.fna.bz2:md5,43dd63a3263c01105af26b701a9b5562",
                            "mpa_vJan21_TOY_CHOCOPhlAnSGB_202103.pkl:md5,005453b7c66c85f3e01218653d09e266",
                            "mpa_vJan21_TOY_CHOCOPhlAnSGB_202103.rev.1.bt2l:md5,7b23ad55748937a1b21f8ed735fe0d73",
                            "mpa_vJan21_TOY_CHOCOPhlAnSGB_202103.rev.2.bt2l:md5,acc38a28f2e590d5ce12a9defe4c8c87"
                        ],
                        "humann_nucleotide": [
                            "g__Bacteroides.s__Bacteroides_dorei.centroids.v201901_v31.ffn.gz:md5,c23ab47a3f0a34abd20f0b1826482c6d",
                            "g__Bacteroides.s__Bacteroides_vulgatus.centroids.v201901_v31.ffn.gz:md5,61a2c5aa5ff04e400147974852e5bcc2"
                        ],
                        "humann_protein": [
                            "uniref90_demo_prots_v201901b.dmnd:md5,1d2f8df48a349d72436425aafa29a6b1",
                            "uniref90_demo_prots_v201901b.fna:md5,10699776b9428fdf673030dba1f818a7"
                        ],
                        "humann_utility": [
                            "README.txt:md5,9d3db20d44df2404c41064a815d14e35",
                            "map_eggnog_name.txt.gz:md5,b23ae8c34c86b1f160d66b1e218d1c8a",
                            "map_eggnog_uniref50.txt.gz:md5,50bd690aecd716cdacee47ecaf405d56",
                            "map_eggnog_uniref90.txt.gz:md5,4dac1a34d5557565afd964f44e0dab2e",
                            "map_go_name.txt.gz:md5,9e437e5000ce203b74cd16b42acca0f2",
                            "map_go_uniref50.txt.gz:md5,efa82fad21970c4b6f8695aeed44f56f",
                            "map_go_uniref90.txt.gz:md5,cc12d3d1d8a9493b5eb1637004d4de02",
                            "map_kegg-mdl_name.txt.gz:md5,ce28c1ae107325b12a328644f70f724d",
                            "map_ko_name.txt.gz:md5,093ceb058735a98e2e68d178f791ed36",
                            "map_ko_uniref50.txt.gz:md5,628aa13e990777760f822d347cb0b1ad",
                            "map_ko_uniref90.txt.gz:md5,420f8ec15e77c18da8069465f679cde7",
                            "map_level4ec_name.txt.gz:md5,2e201c4d860789795dd7c8acb36ab595",
                            "map_level4ec_uniref50.txt.gz:md5,c6988287fd4bdda511110e18915eeea9",
                            "map_level4ec_uniref90.txt.gz:md5,b14904213f3e3c010a8b3fdbdc9cd7ef",
                            "map_pfam_name.txt.gz:md5,cdd6c73f7fb4bc0284d9e6769124854b",
                            "map_pfam_uniref50.txt.gz:md5,b9f128f4b337c83a652c9926e6c292e4",
                            "map_pfam_uniref90.txt.gz:md5,5d03d39e5305a541b6017fd308e2154b",
                            "map_uniref50_name.txt.bz2:md5,62ea0afa60ad7ad1ba7aa2af43ed7d23",
                            "map_uniref90_name.txt.bz2:md5,988f3ce65a432bbe2c8fd3354cad99fa"
                        ]
                    }
                ],
                [
                    {
                        "db_entities": [
                            "humann_protein",
                            "humann_nucleotide",
                            "humann_utility",
                            "humann_metaphlan"
                        ],
                        "db_name": "demo_v3",
                        "db_params": "-",
                        "id": "humann-v3-demo-v3-",
                        "num_files": 4,
                        "tool": "humann_v3"
                    },
                    {
                        "humann_metaphlan": [
                            "mpa_vJan21_TOY_CHOCOPhlAnSGB_202103.1.bt2l:md5,f560f1878d407cad746b40e19c137b2f",
                            "mpa_vJan21_TOY_CHOCOPhlAnSGB_202103.2.bt2l:md5,ada1fa4dbfa0bbd00fd9541458d0caab",
                            "mpa_vJan21_TOY_CHOCOPhlAnSGB_202103.3.bt2l:md5,1b5ec794c2f0c456ea60deb5898f4840",
                            "mpa_vJan21_TOY_CHOCOPhlAnSGB_202103.4.bt2l:md5,fe7bbac658aece93db332255910e3f4f",
                            "mpa_vJan21_TOY_CHOCOPhlAnSGB_202103.fna.bz2:md5,43dd63a3263c01105af26b701a9b5562",
                            "mpa_vJan21_TOY_CHOCOPhlAnSGB_202103.pkl:md5,005453b7c66c85f3e01218653d09e266",
                            "mpa_vJan21_TOY_CHOCOPhlAnSGB_202103.rev.1.bt2l:md5,7b23ad55748937a1b21f8ed735fe0d73",
                            "mpa_vJan21_TOY_CHOCOPhlAnSGB_202103.rev.2.bt2l:md5,acc38a28f2e590d5ce12a9defe4c8c87"
                        ],
                        "humann_nucleotide": [
                            "g__Bacteroides.s__Bacteroides_dorei.centroids.v201901_v31.ffn.gz:md5,c23ab47a3f0a34abd20f0b1826482c6d",
                            "g__Bacteroides.s__Bacteroides_vulgatus.centroids.v201901_v31.ffn.gz:md5,61a2c5aa5ff04e400147974852e5bcc2"
                        ],
                        "humann_protein": [
                            "uniref90_demo_prots_v201901b.dmnd:md5,1d2f8df48a349d72436425aafa29a6b1",
                            "uniref90_demo_prots_v201901b.fna:md5,10699776b9428fdf673030dba1f818a7"
                        ],
                        "humann_utility": [
                            "README.txt:md5,9d3db20d44df2404c41064a815d14e35",
                            "map_eggnog_name.txt.gz:md5,b23ae8c34c86b1f160d66b1e218d1c8a",
                            "map_eggnog_uniref50.txt.gz:md5,50bd690aecd716cdacee47ecaf405d56",
                            "map_eggnog_uniref90.txt.gz:md5,4dac1a34d5557565afd964f44e0dab2e",
                            "map_go_name.txt.gz:md5,9e437e5000ce203b74cd16b42acca0f2",
                            "map_go_uniref50.txt.gz:md5,efa82fad21970c4b6f8695aeed44f56f",
                            "map_go_uniref90.txt.gz:md5,cc12d3d1d8a9493b5eb1637004d4de02",
                            "map_kegg-mdl_name.txt.gz:md5,ce28c1ae107325b12a328644f70f724d",
                            "map_ko_name.txt.gz:md5,093ceb058735a98e2e68d178f791ed36",
                            "map_ko_uniref50.txt.gz:md5,628aa13e990777760f822d347cb0b1ad",
                            "map_ko_uniref90.txt.gz:md5,420f8ec15e77c18da8069465f679cde7",
                            "map_level4ec_name.txt.gz:md5,2e201c4d860789795dd7c8acb36ab595",
                            "map_level4ec_uniref50.txt.gz:md5,c6988287fd4bdda511110e18915eeea9",
                            "map_level4ec_uniref90.txt.gz:md5,b14904213f3e3c010a8b3fdbdc9cd7ef",
                            "map_pfam_name.txt.gz:md5,cdd6c73f7fb4bc0284d9e6769124854b",
                            "map_pfam_uniref50.txt.gz:md5,b9f128f4b337c83a652c9926e6c292e4",
                            "map_pfam_uniref90.txt.gz:md5,5d03d39e5305a541b6017fd308e2154b",
                            "map_uniref50_name.txt.bz2:md5,62ea0afa60ad7ad1ba7aa2af43ed7d23",
                            "map_uniref90_name.txt.bz2:md5,988f3ce65a432bbe2c8fd3354cad99fa"
                        ]
                    }
                ]
            ]
        ],
        "timestamp": "2026-04-21T15:14:42.473059761",
        "meta": {
            "nf-test": "0.9.5",
            "nextflow": "25.10.4"
        }
    }
}